TimeQuest Timing Analyzer report for HWC
Mon Apr 29 16:11:33 2019
Quartus II Version 9.1 Build 222 10/21/2009 SJ Full Version


---------------------
; Table of Contents ;
---------------------
  1. Legal Notice
  2. TimeQuest Timing Analyzer Summary
  3. Parallel Compilation
  4. Clocks
  5. Fmax Summary
  6. Setup Summary
  7. Hold Summary
  8. Recovery Summary
  9. Removal Summary
 10. Minimum Pulse Width Summary
 11. Setup: 'T3'
 12. Hold: 'T3'
 13. Minimum Pulse Width: 'T3'
 14. Setup Times
 15. Hold Times
 16. Clock to Output Times
 17. Minimum Clock to Output Times
 18. Propagation Delay
 19. Minimum Propagation Delay
 20. Setup Transfers
 21. Hold Transfers
 22. Report TCCS
 23. Report RSKM
 24. Unconstrained Paths
 25. TimeQuest Timing Analyzer Messages



----------------
; Legal Notice ;
----------------
Copyright (C) 1991-2009 Altera Corporation
Your use of Altera Corporation's design tools, logic functions 
and other software and tools, and its AMPP partner logic 
functions, and any output files from any of the foregoing 
(including device programming or simulation files), and any 
associated documentation or information are expressly subject 
to the terms and conditions of the Altera Program License 
Subscription Agreement, Altera MegaCore Function License 
Agreement, or other applicable license agreement, including, 
without limitation, that your use is for the sole purpose of 
programming logic devices manufactured by Altera and sold by 
Altera or its authorized distributors.  Please refer to the 
applicable agreement for further details.



+-----------------------------------------------------------------------+
; TimeQuest Timing Analyzer Summary                                     ;
+--------------------+--------------------------------------------------+
; Quartus II Version ; Version 9.1 Build 222 10/21/2009 SJ Full Version ;
; Revision Name      ; HWC                                              ;
; Device Family      ; MAX7000S                                         ;
; Device Name        ; EPM7128SLC84-15                                  ;
; Timing Models      ; Final                                            ;
; Delay Model        ; Slow Model                                       ;
; Rise/Fall Delays   ; Unavailable                                      ;
+--------------------+--------------------------------------------------+


+------------------------------------------+
; Parallel Compilation                     ;
+----------------------------+-------------+
; Processors                 ; Number      ;
+----------------------------+-------------+
; Number detected on machine ; 4           ;
; Maximum allowed            ; 4           ;
;                            ;             ;
; Average used               ; 1.00        ;
; Maximum used               ; 1           ;
;                            ;             ;
; Usage by Processor         ; % Time Used ;
;     1 processor            ; 100.0%      ;
;     2-4 processors         ;   0.0%      ;
+----------------------------+-------------+


+---------------------------------------------------------------------------------------------------------------------------------------------------------------------------------+
; Clocks                                                                                                                                                                          ;
+------------+------+--------+------------+-------+-------+------------+-----------+-------------+-------+--------+-----------+------------+----------+--------+--------+---------+
; Clock Name ; Type ; Period ; Frequency  ; Rise  ; Fall  ; Duty Cycle ; Divide by ; Multiply by ; Phase ; Offset ; Edge List ; Edge Shift ; Inverted ; Master ; Source ; Targets ;
+------------+------+--------+------------+-------+-------+------------+-----------+-------------+-------+--------+-----------+------------+----------+--------+--------+---------+
; T3         ; Base ; 1.000  ; 1000.0 MHz ; 0.000 ; 0.500 ;            ;           ;             ;       ;        ;           ;            ;          ;        ;        ; { T3 }  ;
+------------+------+--------+------------+-------+-------+------------+-----------+-------------+-------+--------+-----------+------------+----------+--------+--------+---------+


+-------------------------------------------------+
; Fmax Summary                                    ;
+-----------+-----------------+------------+------+
; Fmax      ; Restricted Fmax ; Clock Name ; Note ;
+-----------+-----------------+------------+------+
; 76.92 MHz ; 76.92 MHz       ; T3         ;      ;
+-----------+-----------------+------------+------+
This panel reports FMAX for every clock in the design, regardless of the user-specified clock periods.  FMAX is only computed for paths where the source and destination registers or ports are driven by the same clock.  Paths of different clocks, including generated clocks, are ignored.  For paths between a clock and its inversion, FMAX is computed as if the rising and falling edges are scaled along with FMAX, such that the duty cycle (in terms of a percentage) is maintained. Altera recommends that you always use clock constraints and other slack reports for sign-off analysis.


+---------------------------------+
; Setup Summary                   ;
+-------+---------+---------------+
; Clock ; Slack   ; End Point TNS ;
+-------+---------+---------------+
; T3    ; -12.000 ; -12.000       ;
+-------+---------+---------------+


+-------------------------------+
; Hold Summary                  ;
+-------+-------+---------------+
; Clock ; Slack ; End Point TNS ;
+-------+-------+---------------+
; T3    ; 5.000 ; 0.000         ;
+-------+-------+---------------+


--------------------
; Recovery Summary ;
--------------------
No paths to report.


-------------------
; Removal Summary ;
-------------------
No paths to report.


+--------------------------------+
; Minimum Pulse Width Summary    ;
+-------+--------+---------------+
; Clock ; Slack  ; End Point TNS ;
+-------+--------+---------------+
; T3    ; -4.500 ; -9.000        ;
+-------+--------+---------------+


+-----------------------------------------------------------------------------------------------------+
; Setup: 'T3'                                                                                         ;
+---------+-----------+---------+--------------+-------------+--------------+------------+------------+
; Slack   ; From Node ; To Node ; Launch Clock ; Latch Clock ; Relationship ; Clock Skew ; Data Delay ;
+---------+-----------+---------+--------------+-------------+--------------+------------+------------+
; -12.000 ; ST0       ; ST0     ; T3           ; T3          ; 1.000        ; 0.000      ; 9.000      ;
+---------+-----------+---------+--------------+-------------+--------------+------------+------------+


+---------------------------------------------------------------------------------------------------+
; Hold: 'T3'                                                                                        ;
+-------+-----------+---------+--------------+-------------+--------------+------------+------------+
; Slack ; From Node ; To Node ; Launch Clock ; Latch Clock ; Relationship ; Clock Skew ; Data Delay ;
+-------+-----------+---------+--------------+-------------+--------------+------------+------------+
; 5.000 ; ST0       ; ST0     ; T3           ; T3          ; 0.000        ; 0.000      ; 9.000      ;
+-------+-----------+---------+--------------+-------------+--------------+------------+------------+


+---------------------------------------------------------------------------------------------+
; Minimum Pulse Width: 'T3'                                                                   ;
+--------+--------------+----------------+------------------+-------+------------+------------+
; Slack  ; Actual Width ; Required Width ; Type             ; Clock ; Clock Edge ; Target     ;
+--------+--------------+----------------+------------------+-------+------------+------------+
; -4.500 ; 0.500        ; 5.000          ; High Pulse Width ; T3    ; Fall       ; ST0        ;
; -4.500 ; 0.500        ; 5.000          ; Low Pulse Width  ; T3    ; Fall       ; ST0        ;
; 0.500  ; 0.500        ; 0.000          ; High Pulse Width ; T3    ; Rise       ; ST0|clk    ;
; 0.500  ; 0.500        ; 0.000          ; Low Pulse Width  ; T3    ; Rise       ; ST0|clk    ;
; 0.500  ; 0.500        ; 0.000          ; High Pulse Width ; T3    ; Rise       ; T3|dataout ;
; 0.500  ; 0.500        ; 0.000          ; Low Pulse Width  ; T3    ; Rise       ; T3|dataout ;
+--------+--------------+----------------+------------------+-------+------------+------------+


+-------------------------------------------------------------------------+
; Setup Times                                                             ;
+-----------+------------+--------+--------+------------+-----------------+
; Data Port ; Clock Port ; Rise   ; Fall   ; Clock Edge ; Clock Reference ;
+-----------+------------+--------+--------+------------+-----------------+
; SW[*]     ; T3         ; 11.000 ; 11.000 ; Fall       ; T3              ;
;  SW[1]    ; T3         ; 11.000 ; 11.000 ; Fall       ; T3              ;
;  SW[2]    ; T3         ; 11.000 ; 11.000 ; Fall       ; T3              ;
;  SW[3]    ; T3         ; 11.000 ; 11.000 ; Fall       ; T3              ;
; W[*]      ; T3         ; 11.000 ; 11.000 ; Fall       ; T3              ;
;  W[1]     ; T3         ; 11.000 ; 11.000 ; Fall       ; T3              ;
;  W[2]     ; T3         ; 11.000 ; 11.000 ; Fall       ; T3              ;
+-----------+------------+--------+--------+------------+-----------------+


+-------------------------------------------------------------------------+
; Hold Times                                                              ;
+-----------+------------+--------+--------+------------+-----------------+
; Data Port ; Clock Port ; Rise   ; Fall   ; Clock Edge ; Clock Reference ;
+-----------+------------+--------+--------+------------+-----------------+
; SW[*]     ; T3         ; -3.000 ; -3.000 ; Fall       ; T3              ;
;  SW[1]    ; T3         ; -3.000 ; -3.000 ; Fall       ; T3              ;
;  SW[2]    ; T3         ; -3.000 ; -3.000 ; Fall       ; T3              ;
;  SW[3]    ; T3         ; -3.000 ; -3.000 ; Fall       ; T3              ;
; W[*]      ; T3         ; -3.000 ; -3.000 ; Fall       ; T3              ;
;  W[1]     ; T3         ; -3.000 ; -3.000 ; Fall       ; T3              ;
;  W[2]     ; T3         ; -3.000 ; -3.000 ; Fall       ; T3              ;
+-----------+------------+--------+--------+------------+-----------------+


+-------------------------------------------------------------------------+
; Clock to Output Times                                                   ;
+-----------+------------+--------+--------+------------+-----------------+
; Data Port ; Clock Port ; Rise   ; Fall   ; Clock Edge ; Clock Reference ;
+-----------+------------+--------+--------+------------+-----------------+
; ARINC     ; T3         ; 17.000 ; 17.000 ; Fall       ; T3              ;
; LAR       ; T3         ; 17.000 ; 17.000 ; Fall       ; T3              ;
; MBUS      ; T3         ; 17.000 ; 17.000 ; Fall       ; T3              ;
; MEMW      ; T3         ; 17.000 ; 17.000 ; Fall       ; T3              ;
; SBUS      ; T3         ; 17.000 ; 17.000 ; Fall       ; T3              ;
; SEL[*]    ; T3         ; 17.000 ; 17.000 ; Fall       ; T3              ;
;  SEL[1]   ; T3         ; 17.000 ; 17.000 ; Fall       ; T3              ;
;  SEL[3]   ; T3         ; 17.000 ; 17.000 ; Fall       ; T3              ;
+-----------+------------+--------+--------+------------+-----------------+


+-------------------------------------------------------------------------+
; Minimum Clock to Output Times                                           ;
+-----------+------------+--------+--------+------------+-----------------+
; Data Port ; Clock Port ; Rise   ; Fall   ; Clock Edge ; Clock Reference ;
+-----------+------------+--------+--------+------------+-----------------+
; ARINC     ; T3         ; 17.000 ; 17.000 ; Fall       ; T3              ;
; LAR       ; T3         ; 17.000 ; 17.000 ; Fall       ; T3              ;
; MBUS      ; T3         ; 17.000 ; 17.000 ; Fall       ; T3              ;
; MEMW      ; T3         ; 17.000 ; 17.000 ; Fall       ; T3              ;
; SBUS      ; T3         ; 17.000 ; 17.000 ; Fall       ; T3              ;
; SEL[*]    ; T3         ; 17.000 ; 17.000 ; Fall       ; T3              ;
;  SEL[1]   ; T3         ; 17.000 ; 17.000 ; Fall       ; T3              ;
;  SEL[3]   ; T3         ; 17.000 ; 17.000 ; Fall       ; T3              ;
+-----------+------------+--------+--------+------------+-----------------+


+--------------------------------------------------------------+
; Propagation Delay                                            ;
+------------+-------------+--------+--------+--------+--------+
; Input Port ; Output Port ; RR     ; RF     ; FR     ; FF     ;
+------------+-------------+--------+--------+--------+--------+
; C          ; LIR         ;        ; 25.000 ; 25.000 ;        ;
; C          ; PCADD       ; 15.000 ;        ;        ; 15.000 ;
; C          ; PCINC       ;        ; 25.000 ; 25.000 ;        ;
; C          ; SHORT       ;        ; 16.000 ; 16.000 ;        ;
; IR[4]      ; ABUS        ; 15.000 ; 15.000 ; 15.000 ; 15.000 ;
; IR[4]      ; CIN         ; 15.000 ;        ;        ; 15.000 ;
; IR[4]      ; DRW         ; 16.000 ; 15.000 ; 15.000 ; 16.000 ;
; IR[4]      ; LAR         ; 15.000 ; 15.000 ; 15.000 ; 15.000 ;
; IR[4]      ; LDC         ; 15.000 ; 15.000 ; 15.000 ; 15.000 ;
; IR[4]      ; LDZ         ; 15.000 ; 15.000 ; 15.000 ; 15.000 ;
; IR[4]      ; LIR         ; 25.000 ; 24.000 ; 24.000 ; 25.000 ;
; IR[4]      ; LPC         ; 15.000 ; 15.000 ; 15.000 ; 15.000 ;
; IR[4]      ; M           ; 15.000 ; 16.000 ; 16.000 ; 15.000 ;
; IR[4]      ; MBUS        ; 15.000 ;        ;        ; 15.000 ;
; IR[4]      ; MEMW        ;        ; 15.000 ; 15.000 ;        ;
; IR[4]      ; PCADD       ; 15.000 ; 15.000 ; 15.000 ; 15.000 ;
; IR[4]      ; PCINC       ; 25.000 ; 24.000 ; 24.000 ; 25.000 ;
; IR[4]      ; S[0]        ; 15.000 ; 15.000 ; 15.000 ; 15.000 ;
; IR[4]      ; S[1]        ; 15.000 ; 15.000 ; 15.000 ; 15.000 ;
; IR[4]      ; S[2]        ; 15.000 ; 15.000 ; 15.000 ; 15.000 ;
; IR[4]      ; S[3]        ; 15.000 ; 15.000 ; 15.000 ; 15.000 ;
; IR[4]      ; SBUS        ;        ; 15.000 ; 15.000 ;        ;
; IR[4]      ; SHORT       ; 16.000 ; 16.000 ; 16.000 ; 16.000 ;
; IR[4]      ; STOP        ;        ; 16.000 ; 16.000 ;        ;
; IR[5]      ; ABUS        ; 15.000 ; 15.000 ; 15.000 ; 15.000 ;
; IR[5]      ; CIN         ;        ; 15.000 ; 15.000 ;        ;
; IR[5]      ; DRW         ; 15.000 ; 16.000 ; 16.000 ; 15.000 ;
; IR[5]      ; LAR         ; 15.000 ; 15.000 ; 15.000 ; 15.000 ;
; IR[5]      ; LDC         ; 15.000 ; 15.000 ; 15.000 ; 15.000 ;
; IR[5]      ; LDZ         ; 15.000 ; 15.000 ; 15.000 ; 15.000 ;
; IR[5]      ; LIR         ; 26.000 ; 25.000 ; 25.000 ; 26.000 ;
; IR[5]      ; LPC         ;        ; 15.000 ; 15.000 ;        ;
; IR[5]      ; M           ; 16.000 ; 15.000 ; 15.000 ; 16.000 ;
; IR[5]      ; MBUS        ;        ; 15.000 ; 15.000 ;        ;
; IR[5]      ; MEMW        ; 15.000 ;        ;        ; 15.000 ;
; IR[5]      ; PCADD       ; 15.000 ; 15.000 ; 15.000 ; 15.000 ;
; IR[5]      ; PCINC       ; 26.000 ; 25.000 ; 25.000 ; 26.000 ;
; IR[5]      ; S[0]        ; 15.000 ; 15.000 ; 15.000 ; 15.000 ;
; IR[5]      ; S[1]        ; 15.000 ; 15.000 ; 15.000 ; 15.000 ;
; IR[5]      ; S[2]        ; 15.000 ; 15.000 ; 15.000 ; 15.000 ;
; IR[5]      ; S[3]        ; 15.000 ; 15.000 ; 15.000 ; 15.000 ;
; IR[5]      ; SBUS        ;        ; 15.000 ; 15.000 ;        ;
; IR[5]      ; SHORT       ; 16.000 ; 16.000 ; 16.000 ; 16.000 ;
; IR[5]      ; STOP        ; 16.000 ; 16.000 ; 16.000 ; 16.000 ;
; IR[6]      ; ABUS        ; 15.000 ; 15.000 ; 15.000 ; 15.000 ;
; IR[6]      ; CIN         ; 15.000 ; 15.000 ; 15.000 ; 15.000 ;
; IR[6]      ; DRW         ; 16.000 ; 15.000 ; 15.000 ; 16.000 ;
; IR[6]      ; LAR         ; 15.000 ;        ;        ; 15.000 ;
; IR[6]      ; LDC         ; 15.000 ; 15.000 ; 15.000 ; 15.000 ;
; IR[6]      ; LDZ         ; 15.000 ; 15.000 ; 15.000 ; 15.000 ;
; IR[6]      ; LIR         ; 26.000 ; 25.000 ; 25.000 ; 26.000 ;
; IR[6]      ; LPC         ;        ; 15.000 ; 15.000 ;        ;
; IR[6]      ; M           ; 16.000 ; 15.000 ; 15.000 ; 16.000 ;
; IR[6]      ; MBUS        ; 15.000 ;        ;        ; 15.000 ;
; IR[6]      ; MEMW        ; 15.000 ;        ;        ; 15.000 ;
; IR[6]      ; PCADD       ; 15.000 ; 15.000 ; 15.000 ; 15.000 ;
; IR[6]      ; PCINC       ; 26.000 ; 25.000 ; 25.000 ; 26.000 ;
; IR[6]      ; S[0]        ; 15.000 ; 15.000 ; 15.000 ; 15.000 ;
; IR[6]      ; S[1]        ; 15.000 ; 15.000 ; 15.000 ; 15.000 ;
; IR[6]      ; S[2]        ; 15.000 ; 15.000 ; 15.000 ; 15.000 ;
; IR[6]      ; S[3]        ; 15.000 ; 15.000 ; 15.000 ; 15.000 ;
; IR[6]      ; SBUS        ;        ; 15.000 ; 15.000 ;        ;
; IR[6]      ; SHORT       ; 16.000 ; 16.000 ; 16.000 ; 16.000 ;
; IR[6]      ; STOP        ; 16.000 ; 16.000 ; 16.000 ; 16.000 ;
; IR[7]      ; ABUS        ;        ; 15.000 ; 15.000 ;        ;
; IR[7]      ; CIN         ; 15.000 ; 15.000 ; 15.000 ; 15.000 ;
; IR[7]      ; DRW         ; 16.000 ; 16.000 ; 16.000 ; 16.000 ;
; IR[7]      ; LAR         ;        ; 15.000 ; 15.000 ;        ;
; IR[7]      ; LDC         ; 15.000 ; 15.000 ; 15.000 ; 15.000 ;
; IR[7]      ; LDZ         ; 15.000 ; 15.000 ; 15.000 ; 15.000 ;
; IR[7]      ; LIR         ; 25.000 ; 26.000 ; 26.000 ; 25.000 ;
; IR[7]      ; LPC         ; 15.000 ; 15.000 ; 15.000 ; 15.000 ;
; IR[7]      ; M           ; 15.000 ; 16.000 ; 16.000 ; 15.000 ;
; IR[7]      ; MBUS        ;        ; 15.000 ; 15.000 ;        ;
; IR[7]      ; MEMW        ;        ; 15.000 ; 15.000 ;        ;
; IR[7]      ; PCADD       ; 15.000 ; 15.000 ; 15.000 ; 15.000 ;
; IR[7]      ; PCINC       ; 25.000 ; 26.000 ; 26.000 ; 25.000 ;
; IR[7]      ; S[0]        ; 15.000 ; 15.000 ; 15.000 ; 15.000 ;
; IR[7]      ; S[1]        ; 15.000 ; 15.000 ; 15.000 ; 15.000 ;
; IR[7]      ; S[2]        ; 15.000 ; 15.000 ; 15.000 ; 15.000 ;
; IR[7]      ; S[3]        ;        ; 15.000 ; 15.000 ;        ;
; IR[7]      ; SBUS        ;        ; 15.000 ; 15.000 ;        ;
; IR[7]      ; SHORT       ; 16.000 ; 16.000 ; 16.000 ; 16.000 ;
; IR[7]      ; STOP        ; 16.000 ; 16.000 ; 16.000 ; 16.000 ;
; SW[1]      ; ARINC       ; 15.000 ; 15.000 ; 15.000 ; 15.000 ;
; SW[1]      ; DRW         ;        ; 15.000 ; 15.000 ;        ;
; SW[1]      ; LAR         ; 15.000 ; 15.000 ; 15.000 ; 15.000 ;
; SW[1]      ; LIR         ;        ; 26.000 ; 26.000 ;        ;
; SW[1]      ; LPC         ;        ; 15.000 ; 15.000 ;        ;
; SW[1]      ; MBUS        ;        ; 15.000 ; 15.000 ;        ;
; SW[1]      ; MEMW        ; 15.000 ;        ;        ; 15.000 ;
; SW[1]      ; PCINC       ;        ; 26.000 ; 26.000 ;        ;
; SW[1]      ; SBUS        ; 15.000 ; 15.000 ; 15.000 ; 15.000 ;
; SW[1]      ; SEL[0]      ; 15.000 ; 15.000 ; 15.000 ; 15.000 ;
; SW[1]      ; SEL[1]      ; 15.000 ; 15.000 ; 15.000 ; 15.000 ;
; SW[1]      ; SEL[2]      ;        ; 15.000 ; 15.000 ;        ;
; SW[1]      ; SEL[3]      ; 15.000 ; 15.000 ; 15.000 ; 15.000 ;
; SW[1]      ; SELCTL      ; 15.000 ; 15.000 ; 15.000 ; 15.000 ;
; SW[1]      ; SHORT       ; 15.000 ; 15.000 ; 15.000 ; 15.000 ;
; SW[1]      ; STOP        ; 15.000 ; 15.000 ; 15.000 ; 15.000 ;
; SW[2]      ; ARINC       ; 15.000 ; 15.000 ; 15.000 ; 15.000 ;
; SW[2]      ; DRW         ;        ; 15.000 ; 15.000 ;        ;
; SW[2]      ; LAR         ; 15.000 ; 15.000 ; 15.000 ; 15.000 ;
; SW[2]      ; LIR         ;        ; 26.000 ; 26.000 ;        ;
; SW[2]      ; LPC         ;        ; 15.000 ; 15.000 ;        ;
; SW[2]      ; MBUS        ; 15.000 ;        ;        ; 15.000 ;
; SW[2]      ; MEMW        ;        ; 15.000 ; 15.000 ;        ;
; SW[2]      ; PCINC       ;        ; 26.000 ; 26.000 ;        ;
; SW[2]      ; SBUS        ; 15.000 ; 15.000 ; 15.000 ; 15.000 ;
; SW[2]      ; SEL[0]      ; 15.000 ; 15.000 ; 15.000 ; 15.000 ;
; SW[2]      ; SEL[1]      ; 15.000 ; 15.000 ; 15.000 ; 15.000 ;
; SW[2]      ; SEL[2]      ;        ; 15.000 ; 15.000 ;        ;
; SW[2]      ; SEL[3]      ; 15.000 ; 15.000 ; 15.000 ; 15.000 ;
; SW[2]      ; SELCTL      ; 15.000 ; 15.000 ; 15.000 ; 15.000 ;
; SW[2]      ; SHORT       ; 15.000 ; 16.000 ; 16.000 ; 15.000 ;
; SW[2]      ; STOP        ; 15.000 ; 15.000 ; 15.000 ; 15.000 ;
; SW[3]      ; ARINC       ;        ; 15.000 ; 15.000 ;        ;
; SW[3]      ; DRW         ; 15.000 ;        ;        ; 15.000 ;
; SW[3]      ; LAR         ;        ; 15.000 ; 15.000 ;        ;
; SW[3]      ; LIR         ;        ; 26.000 ; 26.000 ;        ;
; SW[3]      ; LPC         ;        ; 15.000 ; 15.000 ;        ;
; SW[3]      ; MBUS        ;        ; 15.000 ; 15.000 ;        ;
; SW[3]      ; MEMW        ;        ; 15.000 ; 15.000 ;        ;
; SW[3]      ; PCINC       ;        ; 26.000 ; 26.000 ;        ;
; SW[3]      ; SBUS        ; 15.000 ; 15.000 ; 15.000 ; 15.000 ;
; SW[3]      ; SEL[0]      ; 15.000 ; 15.000 ; 15.000 ; 15.000 ;
; SW[3]      ; SEL[1]      ; 15.000 ; 15.000 ; 15.000 ; 15.000 ;
; SW[3]      ; SEL[2]      ; 15.000 ;        ;        ; 15.000 ;
; SW[3]      ; SEL[3]      ; 15.000 ; 15.000 ; 15.000 ; 15.000 ;
; SW[3]      ; SELCTL      ; 15.000 ; 15.000 ; 15.000 ; 15.000 ;
; SW[3]      ; SHORT       ;        ; 16.000 ; 16.000 ;        ;
; SW[3]      ; STOP        ; 15.000 ; 16.000 ; 16.000 ; 15.000 ;
; W[1]       ; ABUS        ; 15.000 ;        ;        ; 15.000 ;
; W[1]       ; ARINC       ; 15.000 ;        ;        ; 15.000 ;
; W[1]       ; CIN         ; 15.000 ;        ;        ; 15.000 ;
; W[1]       ; DRW         ; 16.000 ;        ;        ; 16.000 ;
; W[1]       ; LAR         ; 15.000 ;        ;        ; 15.000 ;
; W[1]       ; LDC         ; 15.000 ;        ;        ; 15.000 ;
; W[1]       ; LDZ         ; 15.000 ;        ;        ; 15.000 ;
; W[1]       ; LIR         ; 25.000 ;        ;        ; 25.000 ;
; W[1]       ; LPC         ; 15.000 ;        ;        ; 15.000 ;
; W[1]       ; M           ; 16.000 ;        ;        ; 16.000 ;
; W[1]       ; MBUS        ; 15.000 ;        ;        ; 15.000 ;
; W[1]       ; MEMW        ; 15.000 ;        ;        ; 15.000 ;
; W[1]       ; PCADD       ; 15.000 ;        ;        ; 15.000 ;
; W[1]       ; PCINC       ; 25.000 ;        ;        ; 25.000 ;
; W[1]       ; S[0]        ; 15.000 ;        ;        ; 15.000 ;
; W[1]       ; S[1]        ; 15.000 ;        ;        ; 15.000 ;
; W[1]       ; S[2]        ; 15.000 ;        ;        ; 15.000 ;
; W[1]       ; S[3]        ; 15.000 ;        ;        ; 15.000 ;
; W[1]       ; SBUS        ; 15.000 ;        ;        ; 15.000 ;
; W[1]       ; SEL[0]      ; 15.000 ;        ;        ; 15.000 ;
; W[1]       ; SEL[1]      ; 15.000 ;        ;        ; 15.000 ;
; W[1]       ; SEL[3]      ; 15.000 ;        ;        ; 15.000 ;
; W[1]       ; SELCTL      ; 15.000 ;        ;        ; 15.000 ;
; W[1]       ; SHORT       ; 16.000 ;        ;        ; 16.000 ;
; W[1]       ; STOP        ; 16.000 ;        ;        ; 16.000 ;
; W[2]       ; ABUS        ; 15.000 ;        ;        ; 15.000 ;
; W[2]       ; DRW         ; 16.000 ;        ;        ; 16.000 ;
; W[2]       ; LIR         ; 26.000 ;        ;        ; 26.000 ;
; W[2]       ; M           ; 16.000 ;        ;        ; 16.000 ;
; W[2]       ; MBUS        ; 15.000 ;        ;        ; 15.000 ;
; W[2]       ; MEMW        ; 15.000 ;        ;        ; 15.000 ;
; W[2]       ; PCINC       ; 26.000 ;        ;        ; 26.000 ;
; W[2]       ; S[1]        ; 15.000 ;        ;        ; 15.000 ;
; W[2]       ; S[3]        ; 15.000 ;        ;        ; 15.000 ;
; W[2]       ; SBUS        ; 15.000 ;        ;        ; 15.000 ;
; W[2]       ; SEL[0]      ; 15.000 ;        ;        ; 15.000 ;
; W[2]       ; SEL[1]      ; 15.000 ;        ;        ; 15.000 ;
; W[2]       ; SEL[2]      ; 15.000 ;        ;        ; 15.000 ;
; W[2]       ; SEL[3]      ; 15.000 ;        ;        ; 15.000 ;
; W[2]       ; SELCTL      ; 15.000 ;        ;        ; 15.000 ;
; W[2]       ; STOP        ; 15.000 ;        ;        ; 15.000 ;
; Z          ; LIR         ;        ; 24.000 ; 24.000 ;        ;
; Z          ; PCADD       ; 15.000 ;        ;        ; 15.000 ;
; Z          ; PCINC       ;        ; 24.000 ; 24.000 ;        ;
; Z          ; SHORT       ;        ; 15.000 ; 15.000 ;        ;
+------------+-------------+--------+--------+--------+--------+


+--------------------------------------------------------------+
; Minimum Propagation Delay                                    ;
+------------+-------------+--------+--------+--------+--------+
; Input Port ; Output Port ; RR     ; RF     ; FR     ; FF     ;
+------------+-------------+--------+--------+--------+--------+
; C          ; LIR         ;        ; 25.000 ; 25.000 ;        ;
; C          ; PCADD       ; 15.000 ;        ;        ; 15.000 ;
; C          ; PCINC       ;        ; 25.000 ; 25.000 ;        ;
; C          ; SHORT       ;        ; 16.000 ; 16.000 ;        ;
; IR[4]      ; ABUS        ; 15.000 ; 15.000 ; 15.000 ; 15.000 ;
; IR[4]      ; CIN         ; 15.000 ;        ;        ; 15.000 ;
; IR[4]      ; DRW         ; 15.000 ; 15.000 ; 15.000 ; 15.000 ;
; IR[4]      ; LAR         ; 15.000 ; 15.000 ; 15.000 ; 15.000 ;
; IR[4]      ; LDC         ; 15.000 ; 15.000 ; 15.000 ; 15.000 ;
; IR[4]      ; LDZ         ; 15.000 ; 15.000 ; 15.000 ; 15.000 ;
; IR[4]      ; LIR         ; 24.000 ; 24.000 ; 24.000 ; 24.000 ;
; IR[4]      ; LPC         ; 15.000 ; 15.000 ; 15.000 ; 15.000 ;
; IR[4]      ; M           ; 15.000 ; 15.000 ; 15.000 ; 15.000 ;
; IR[4]      ; MBUS        ; 15.000 ;        ;        ; 15.000 ;
; IR[4]      ; MEMW        ;        ; 15.000 ; 15.000 ;        ;
; IR[4]      ; PCADD       ; 15.000 ; 15.000 ; 15.000 ; 15.000 ;
; IR[4]      ; PCINC       ; 24.000 ; 24.000 ; 24.000 ; 24.000 ;
; IR[4]      ; S[0]        ; 15.000 ; 15.000 ; 15.000 ; 15.000 ;
; IR[4]      ; S[1]        ; 15.000 ; 15.000 ; 15.000 ; 15.000 ;
; IR[4]      ; S[2]        ; 15.000 ; 15.000 ; 15.000 ; 15.000 ;
; IR[4]      ; S[3]        ; 15.000 ; 15.000 ; 15.000 ; 15.000 ;
; IR[4]      ; SBUS        ;        ; 15.000 ; 15.000 ;        ;
; IR[4]      ; SHORT       ; 16.000 ; 15.000 ; 15.000 ; 16.000 ;
; IR[4]      ; STOP        ;        ; 16.000 ; 16.000 ;        ;
; IR[5]      ; ABUS        ; 15.000 ; 15.000 ; 15.000 ; 15.000 ;
; IR[5]      ; CIN         ;        ; 15.000 ; 15.000 ;        ;
; IR[5]      ; DRW         ; 15.000 ; 15.000 ; 15.000 ; 15.000 ;
; IR[5]      ; LAR         ; 15.000 ; 15.000 ; 15.000 ; 15.000 ;
; IR[5]      ; LDC         ; 15.000 ; 15.000 ; 15.000 ; 15.000 ;
; IR[5]      ; LDZ         ; 15.000 ; 15.000 ; 15.000 ; 15.000 ;
; IR[5]      ; LIR         ; 25.000 ; 24.000 ; 24.000 ; 25.000 ;
; IR[5]      ; LPC         ;        ; 15.000 ; 15.000 ;        ;
; IR[5]      ; M           ; 15.000 ; 15.000 ; 15.000 ; 15.000 ;
; IR[5]      ; MBUS        ;        ; 15.000 ; 15.000 ;        ;
; IR[5]      ; MEMW        ; 15.000 ;        ;        ; 15.000 ;
; IR[5]      ; PCADD       ; 15.000 ; 15.000 ; 15.000 ; 15.000 ;
; IR[5]      ; PCINC       ; 25.000 ; 24.000 ; 24.000 ; 25.000 ;
; IR[5]      ; S[0]        ; 15.000 ; 15.000 ; 15.000 ; 15.000 ;
; IR[5]      ; S[1]        ; 15.000 ; 15.000 ; 15.000 ; 15.000 ;
; IR[5]      ; S[2]        ; 15.000 ; 15.000 ; 15.000 ; 15.000 ;
; IR[5]      ; S[3]        ; 15.000 ; 15.000 ; 15.000 ; 15.000 ;
; IR[5]      ; SBUS        ;        ; 15.000 ; 15.000 ;        ;
; IR[5]      ; SHORT       ; 15.000 ; 15.000 ; 15.000 ; 15.000 ;
; IR[5]      ; STOP        ; 16.000 ; 16.000 ; 16.000 ; 16.000 ;
; IR[6]      ; ABUS        ; 15.000 ; 15.000 ; 15.000 ; 15.000 ;
; IR[6]      ; CIN         ; 15.000 ; 15.000 ; 15.000 ; 15.000 ;
; IR[6]      ; DRW         ; 15.000 ; 15.000 ; 15.000 ; 15.000 ;
; IR[6]      ; LAR         ; 15.000 ;        ;        ; 15.000 ;
; IR[6]      ; LDC         ; 15.000 ; 15.000 ; 15.000 ; 15.000 ;
; IR[6]      ; LDZ         ; 15.000 ; 15.000 ; 15.000 ; 15.000 ;
; IR[6]      ; LIR         ; 24.000 ; 24.000 ; 24.000 ; 24.000 ;
; IR[6]      ; LPC         ;        ; 15.000 ; 15.000 ;        ;
; IR[6]      ; M           ; 15.000 ; 15.000 ; 15.000 ; 15.000 ;
; IR[6]      ; MBUS        ; 15.000 ;        ;        ; 15.000 ;
; IR[6]      ; MEMW        ; 15.000 ;        ;        ; 15.000 ;
; IR[6]      ; PCADD       ; 15.000 ; 15.000 ; 15.000 ; 15.000 ;
; IR[6]      ; PCINC       ; 24.000 ; 24.000 ; 24.000 ; 24.000 ;
; IR[6]      ; S[0]        ; 15.000 ; 15.000 ; 15.000 ; 15.000 ;
; IR[6]      ; S[1]        ; 15.000 ; 15.000 ; 15.000 ; 15.000 ;
; IR[6]      ; S[2]        ; 15.000 ; 15.000 ; 15.000 ; 15.000 ;
; IR[6]      ; S[3]        ; 15.000 ; 15.000 ; 15.000 ; 15.000 ;
; IR[6]      ; SBUS        ;        ; 15.000 ; 15.000 ;        ;
; IR[6]      ; SHORT       ; 15.000 ; 15.000 ; 15.000 ; 15.000 ;
; IR[6]      ; STOP        ; 16.000 ; 16.000 ; 16.000 ; 16.000 ;
; IR[7]      ; ABUS        ;        ; 15.000 ; 15.000 ;        ;
; IR[7]      ; CIN         ; 15.000 ; 15.000 ; 15.000 ; 15.000 ;
; IR[7]      ; DRW         ; 16.000 ; 15.000 ; 15.000 ; 16.000 ;
; IR[7]      ; LAR         ;        ; 15.000 ; 15.000 ;        ;
; IR[7]      ; LDC         ; 15.000 ; 15.000 ; 15.000 ; 15.000 ;
; IR[7]      ; LDZ         ; 15.000 ; 15.000 ; 15.000 ; 15.000 ;
; IR[7]      ; LIR         ; 24.000 ; 24.000 ; 24.000 ; 24.000 ;
; IR[7]      ; LPC         ; 15.000 ; 15.000 ; 15.000 ; 15.000 ;
; IR[7]      ; M           ; 15.000 ; 15.000 ; 15.000 ; 15.000 ;
; IR[7]      ; MBUS        ;        ; 15.000 ; 15.000 ;        ;
; IR[7]      ; MEMW        ;        ; 15.000 ; 15.000 ;        ;
; IR[7]      ; PCADD       ; 15.000 ; 15.000 ; 15.000 ; 15.000 ;
; IR[7]      ; PCINC       ; 24.000 ; 24.000 ; 24.000 ; 24.000 ;
; IR[7]      ; S[0]        ; 15.000 ; 15.000 ; 15.000 ; 15.000 ;
; IR[7]      ; S[1]        ; 15.000 ; 15.000 ; 15.000 ; 15.000 ;
; IR[7]      ; S[2]        ; 15.000 ; 15.000 ; 15.000 ; 15.000 ;
; IR[7]      ; S[3]        ;        ; 15.000 ; 15.000 ;        ;
; IR[7]      ; SBUS        ;        ; 15.000 ; 15.000 ;        ;
; IR[7]      ; SHORT       ; 15.000 ; 16.000 ; 16.000 ; 15.000 ;
; IR[7]      ; STOP        ; 16.000 ; 16.000 ; 16.000 ; 16.000 ;
; SW[1]      ; ARINC       ; 15.000 ; 15.000 ; 15.000 ; 15.000 ;
; SW[1]      ; DRW         ;        ; 15.000 ; 15.000 ;        ;
; SW[1]      ; LAR         ; 15.000 ; 15.000 ; 15.000 ; 15.000 ;
; SW[1]      ; LIR         ;        ; 24.000 ; 24.000 ;        ;
; SW[1]      ; LPC         ;        ; 15.000 ; 15.000 ;        ;
; SW[1]      ; MBUS        ;        ; 15.000 ; 15.000 ;        ;
; SW[1]      ; MEMW        ; 15.000 ;        ;        ; 15.000 ;
; SW[1]      ; PCINC       ;        ; 24.000 ; 24.000 ;        ;
; SW[1]      ; SBUS        ; 15.000 ; 15.000 ; 15.000 ; 15.000 ;
; SW[1]      ; SEL[0]      ; 15.000 ; 15.000 ; 15.000 ; 15.000 ;
; SW[1]      ; SEL[1]      ; 15.000 ; 15.000 ; 15.000 ; 15.000 ;
; SW[1]      ; SEL[2]      ;        ; 15.000 ; 15.000 ;        ;
; SW[1]      ; SEL[3]      ; 15.000 ; 15.000 ; 15.000 ; 15.000 ;
; SW[1]      ; SELCTL      ; 15.000 ; 15.000 ; 15.000 ; 15.000 ;
; SW[1]      ; SHORT       ; 15.000 ; 15.000 ; 15.000 ; 15.000 ;
; SW[1]      ; STOP        ; 15.000 ; 15.000 ; 15.000 ; 15.000 ;
; SW[2]      ; ARINC       ; 15.000 ; 15.000 ; 15.000 ; 15.000 ;
; SW[2]      ; DRW         ;        ; 15.000 ; 15.000 ;        ;
; SW[2]      ; LAR         ; 15.000 ; 15.000 ; 15.000 ; 15.000 ;
; SW[2]      ; LIR         ;        ; 24.000 ; 24.000 ;        ;
; SW[2]      ; LPC         ;        ; 15.000 ; 15.000 ;        ;
; SW[2]      ; MBUS        ; 15.000 ;        ;        ; 15.000 ;
; SW[2]      ; MEMW        ;        ; 15.000 ; 15.000 ;        ;
; SW[2]      ; PCINC       ;        ; 24.000 ; 24.000 ;        ;
; SW[2]      ; SBUS        ; 15.000 ; 15.000 ; 15.000 ; 15.000 ;
; SW[2]      ; SEL[0]      ; 15.000 ; 15.000 ; 15.000 ; 15.000 ;
; SW[2]      ; SEL[1]      ; 15.000 ; 15.000 ; 15.000 ; 15.000 ;
; SW[2]      ; SEL[2]      ;        ; 15.000 ; 15.000 ;        ;
; SW[2]      ; SEL[3]      ; 15.000 ; 15.000 ; 15.000 ; 15.000 ;
; SW[2]      ; SELCTL      ; 15.000 ; 15.000 ; 15.000 ; 15.000 ;
; SW[2]      ; SHORT       ; 15.000 ; 15.000 ; 15.000 ; 15.000 ;
; SW[2]      ; STOP        ; 15.000 ; 15.000 ; 15.000 ; 15.000 ;
; SW[3]      ; ARINC       ;        ; 15.000 ; 15.000 ;        ;
; SW[3]      ; DRW         ; 15.000 ;        ;        ; 15.000 ;
; SW[3]      ; LAR         ;        ; 15.000 ; 15.000 ;        ;
; SW[3]      ; LIR         ;        ; 24.000 ; 24.000 ;        ;
; SW[3]      ; LPC         ;        ; 15.000 ; 15.000 ;        ;
; SW[3]      ; MBUS        ;        ; 15.000 ; 15.000 ;        ;
; SW[3]      ; MEMW        ;        ; 15.000 ; 15.000 ;        ;
; SW[3]      ; PCINC       ;        ; 24.000 ; 24.000 ;        ;
; SW[3]      ; SBUS        ; 15.000 ; 15.000 ; 15.000 ; 15.000 ;
; SW[3]      ; SEL[0]      ; 15.000 ; 15.000 ; 15.000 ; 15.000 ;
; SW[3]      ; SEL[1]      ; 15.000 ; 15.000 ; 15.000 ; 15.000 ;
; SW[3]      ; SEL[2]      ; 15.000 ;        ;        ; 15.000 ;
; SW[3]      ; SEL[3]      ; 15.000 ; 15.000 ; 15.000 ; 15.000 ;
; SW[3]      ; SELCTL      ; 15.000 ; 15.000 ; 15.000 ; 15.000 ;
; SW[3]      ; SHORT       ;        ; 15.000 ; 15.000 ;        ;
; SW[3]      ; STOP        ; 15.000 ; 15.000 ; 15.000 ; 15.000 ;
; W[1]       ; ABUS        ; 15.000 ;        ;        ; 15.000 ;
; W[1]       ; ARINC       ; 15.000 ;        ;        ; 15.000 ;
; W[1]       ; CIN         ; 15.000 ;        ;        ; 15.000 ;
; W[1]       ; DRW         ; 15.000 ;        ;        ; 15.000 ;
; W[1]       ; LAR         ; 15.000 ;        ;        ; 15.000 ;
; W[1]       ; LDC         ; 15.000 ;        ;        ; 15.000 ;
; W[1]       ; LDZ         ; 15.000 ;        ;        ; 15.000 ;
; W[1]       ; LIR         ; 24.000 ;        ;        ; 24.000 ;
; W[1]       ; LPC         ; 15.000 ;        ;        ; 15.000 ;
; W[1]       ; M           ; 15.000 ;        ;        ; 15.000 ;
; W[1]       ; MBUS        ; 15.000 ;        ;        ; 15.000 ;
; W[1]       ; MEMW        ; 15.000 ;        ;        ; 15.000 ;
; W[1]       ; PCADD       ; 15.000 ;        ;        ; 15.000 ;
; W[1]       ; PCINC       ; 24.000 ;        ;        ; 24.000 ;
; W[1]       ; S[0]        ; 15.000 ;        ;        ; 15.000 ;
; W[1]       ; S[1]        ; 15.000 ;        ;        ; 15.000 ;
; W[1]       ; S[2]        ; 15.000 ;        ;        ; 15.000 ;
; W[1]       ; S[3]        ; 15.000 ;        ;        ; 15.000 ;
; W[1]       ; SBUS        ; 15.000 ;        ;        ; 15.000 ;
; W[1]       ; SEL[0]      ; 15.000 ;        ;        ; 15.000 ;
; W[1]       ; SEL[1]      ; 15.000 ;        ;        ; 15.000 ;
; W[1]       ; SEL[3]      ; 15.000 ;        ;        ; 15.000 ;
; W[1]       ; SELCTL      ; 15.000 ;        ;        ; 15.000 ;
; W[1]       ; SHORT       ; 15.000 ;        ;        ; 15.000 ;
; W[1]       ; STOP        ; 15.000 ;        ;        ; 15.000 ;
; W[2]       ; ABUS        ; 15.000 ;        ;        ; 15.000 ;
; W[2]       ; DRW         ; 15.000 ;        ;        ; 15.000 ;
; W[2]       ; LIR         ; 24.000 ;        ;        ; 24.000 ;
; W[2]       ; M           ; 16.000 ;        ;        ; 16.000 ;
; W[2]       ; MBUS        ; 15.000 ;        ;        ; 15.000 ;
; W[2]       ; MEMW        ; 15.000 ;        ;        ; 15.000 ;
; W[2]       ; PCINC       ; 24.000 ;        ;        ; 24.000 ;
; W[2]       ; S[1]        ; 15.000 ;        ;        ; 15.000 ;
; W[2]       ; S[3]        ; 15.000 ;        ;        ; 15.000 ;
; W[2]       ; SBUS        ; 15.000 ;        ;        ; 15.000 ;
; W[2]       ; SEL[0]      ; 15.000 ;        ;        ; 15.000 ;
; W[2]       ; SEL[1]      ; 15.000 ;        ;        ; 15.000 ;
; W[2]       ; SEL[2]      ; 15.000 ;        ;        ; 15.000 ;
; W[2]       ; SEL[3]      ; 15.000 ;        ;        ; 15.000 ;
; W[2]       ; SELCTL      ; 15.000 ;        ;        ; 15.000 ;
; W[2]       ; STOP        ; 15.000 ;        ;        ; 15.000 ;
; Z          ; LIR         ;        ; 24.000 ; 24.000 ;        ;
; Z          ; PCADD       ; 15.000 ;        ;        ; 15.000 ;
; Z          ; PCINC       ;        ; 24.000 ; 24.000 ;        ;
; Z          ; SHORT       ;        ; 15.000 ; 15.000 ;        ;
+------------+-------------+--------+--------+--------+--------+


+-------------------------------------------------------------------+
; Setup Transfers                                                   ;
+------------+----------+----------+----------+----------+----------+
; From Clock ; To Clock ; RR Paths ; FR Paths ; RF Paths ; FF Paths ;
+------------+----------+----------+----------+----------+----------+
; T3         ; T3       ; 0        ; 0        ; 0        ; 3        ;
+------------+----------+----------+----------+----------+----------+
Entries labeled "false path" only account for clock-to-clock false paths and not path-based false paths. As a result, actual path counts may be lower than reported.


+-------------------------------------------------------------------+
; Hold Transfers                                                    ;
+------------+----------+----------+----------+----------+----------+
; From Clock ; To Clock ; RR Paths ; FR Paths ; RF Paths ; FF Paths ;
+------------+----------+----------+----------+----------+----------+
; T3         ; T3       ; 0        ; 0        ; 0        ; 3        ;
+------------+----------+----------+----------+----------+----------+
Entries labeled "false path" only account for clock-to-clock false paths and not path-based false paths. As a result, actual path counts may be lower than reported.


---------------
; Report TCCS ;
---------------
No dedicated SERDES Transmitter circuitry present in device or used in design


---------------
; Report RSKM ;
---------------
No dedicated SERDES Receiver circuitry present in device or used in design


+------------------------------------------------+
; Unconstrained Paths                            ;
+---------------------------------+-------+------+
; Property                        ; Setup ; Hold ;
+---------------------------------+-------+------+
; Illegal Clocks                  ; 0     ; 0    ;
; Unconstrained Clocks            ; 0     ; 0    ;
; Unconstrained Input Ports       ; 12    ; 12   ;
; Unconstrained Input Port Paths  ; 183   ; 183  ;
; Unconstrained Output Ports      ; 26    ; 26   ;
; Unconstrained Output Port Paths ; 184   ; 184  ;
+---------------------------------+-------+------+


+------------------------------------+
; TimeQuest Timing Analyzer Messages ;
+------------------------------------+
Info: *******************************************************************
Info: Running Quartus II TimeQuest Timing Analyzer
    Info: Version 9.1 Build 222 10/21/2009 SJ Full Version
    Info: Processing started: Mon Apr 29 16:11:31 2019
Info: Command: quartus_sta HWC -c HWC
Info: qsta_default_script.tcl version: #2
Info: Detected changes in source files.
    Info: Source file: C:/Users/Administrator/Desktop/april22/HWC.vhd has changed.
Info: Parallel compilation is enabled and will use 4 of the 4 processors detected
Warning: Found USE_TIMEQUEST_TIMING_ANALYZER=OFF. The TimeQuest Timing Analyzer is not the default Timing Analysis Tool during full compilation.
Warning: Timing Analysis does not support the analysis of latches as synchronous elements for the currently selected device family
Critical Warning: Synopsys Design Constraints File file not found: 'HWC.sdc'. A Synopsys Design Constraints File is required by the TimeQuest Timing Analyzer to get proper timing constraints. Without it, the Compiler will not properly optimize the design.
Info: No user constrained base clocks found in the design. Calling "derive_clocks -period 1.0"
Info: Deriving Clocks
    Info: create_clock -period 1.000 -name T3 T3
Critical Warning: Timing requirements not met
Info: Worst-case setup slack is -12.000
    Info:     Slack End Point TNS Clock 
    Info: ========= ============= =====================
    Info:   -12.000       -12.000 T3 
Info: Worst-case hold slack is 5.000
    Info:     Slack End Point TNS Clock 
    Info: ========= ============= =====================
    Info:     5.000         0.000 T3 
Info: No Recovery paths to report
Info: No Removal paths to report
Info: Worst-case minimum pulse width slack is -4.500
    Info:     Slack End Point TNS Clock 
    Info: ========= ============= =====================
    Info:    -4.500        -9.000 T3 
Info: The selected device family is not supported by the report_metastability command.
Info: Design is not fully constrained for setup requirements
Info: Design is not fully constrained for hold requirements
Info: Quartus II TimeQuest Timing Analyzer was successful. 0 errors, 4 warnings
    Info: Peak virtual memory: 158 megabytes
    Info: Processing ended: Mon Apr 29 16:11:33 2019
    Info: Elapsed time: 00:00:02
    Info: Total CPU time (on all processors): 00:00:00


